MemTotal:       15028336 kB
MemFree:         2574320 kB
MemAvailable:   11666308 kB
Buffers:          395492 kB
Cached:          8186040 kB
SwapCached:            0 kB
Active:          5821436 kB
Inactive:        5660380 kB
Active(anon):    2708156 kB
Inactive(anon):      968 kB
Active(file):    3113280 kB
Inactive(file):  5659412 kB
Unevictable:           0 kB
Mlocked:               0 kB
SwapTotal:             0 kB
SwapFree:              0 kB
Dirty:                96 kB
Writeback:             0 kB
AnonPages:       2900428 kB
Mapped:           761256 kB
Shmem:              2812 kB
Slab:             860604 kB
SReclaimable:     648228 kB
SUnreclaim:       212376 kB
KernelStack:       22500 kB
PageTables:        21440 kB
NFS_Unstable:          0 kB
Bounce:                0 kB
WritebackTmp:          0 kB
CommitLimit:     7514168 kB
Committed_AS:    7324204 kB
VmallocTotal:   34359738367 kB
VmallocUsed:           0 kB
VmallocChunk:          0 kB
HardwareCorrupted:     0 kB
AnonHugePages:     30720 kB
ShmemHugePages:        0 kB
ShmemPmdMapped:        0 kB
CmaTotal:              0 kB
CmaFree:               0 kB
HugePages_Total:       0
HugePages_Free:        0
HugePages_Rsvd:        0
HugePages_Surp:        0
Hugepagesize:       2048 kB
DirectMap4k:     1134448 kB
DirectMap2M:    14225408 kB